[mhbthemes.com/demos/rx/rx/index.html]
[backblue.gif]
[fade.gif]
[index.html]
[mhbthemes.com/demos/rx/rx/assets/img/favicon.png]
[mhbthemes.com/demos/rx/rx/assets/css/bootstrap.min.css]
[mhbthemes.com/demos/rx/rx/assets/css/font-awesome.min.css]
[mhbthemes.com/demos/rx/rx/assets/css/magnific-popup.css]
[mhbthemes.com/demos/rx/rx/assets/css/owl.carousel.css]
[mhbthemes.com/demos/rx/rx/style.css]
[mhbthemes.com/demos/rx/rx/assets/css/responsive.css]
[mhbthemes.com/demos/rx/rx/blog.html]
[mhbthemes.com/demos/rx/rx/assets/js/jquery-2.1.4.min.js]
[mhbthemes.com/demos/rx/rx/assets/img/intro-bg.jpg]
[mhbthemes.com/demos/rx/rx/assets/img/work/1.jpg]
[mhbthemes.com/demos/rx/rx/assets/img/work/2.jpg]
[mhbthemes.com/demos/rx/rx/assets/img/work/3.jpg]
[mhbthemes.com/demos/rx/rx/assets/img/work/4.jpg]
[mhbthemes.com/demos/rx/rx/assets/img/work/5.jpg]
[mhbthemes.com/demos/rx/rx/assets/img/blog/blog1.jpg]
[mhbthemes.com/demos/rx/rx/assets/img/blog/blog2.jpg]
[mhbthemes.com/demos/rx/rx/assets/js/jquery.stellar.min.js]
[mhbthemes.com/demos/rx/rx/assets/js/magnific-popup-options.js]
[mhbthemes.com/demos/rx/rx/assets/js/plugins.js]
[mhbthemes.com/demos/rx/rx/assets/js/jquery.counterup.min.js]
[mhbthemes.com/demos/rx/rx/assets/js/contact.js]
[mhbthemes.com/demos/rx/rx/assets/js/gmap3.min.js]
[mhbthemes.com/demos/rx/rx/assets/js/custom-google-map.js]
[mhbthemes.com/demos/rx/rx/assets/js/main.js]
[mhbthemes.com/demos/rx/rx/index.html]
[mhbthemes.com/demos/rx/rx/assets/fonts/glyphicons-halflings-regular.eot]
[mhbthemes.com/demos/rx/rx/assets/fonts/glyphicons-halflings-regular.woff2]
[mhbthemes.com/demos/rx/rx/assets/fonts/glyphicons-halflings-regulard41d.eot]
[mhbthemes.com/demos/rx/rx/assets/fonts/glyphicons-halflings-regular.woff]
[mhbthemes.com/demos/rx/rx/assets/fonts/glyphicons-halflings-regular.ttf]
[mhbthemes.com/demos/rx/rx/assets/css/bootstrap.min.css]
[mhbthemes.com/demos/rx/rx/assets/fonts/glyphicons-halflings-regular.svg]
[mhbthemes.com/demos/rx/rx/assets/fonts/fontawesome-webfont3e6e.eot]
[mhbthemes.com/demos/rx/rx/assets/fonts/fontawesome-webfontd41d.eot]
[mhbthemes.com/demos/rx/rx/assets/fonts/fontawesome-webfont3e6e.woff2]
[mhbthemes.com/demos/rx/rx/assets/fonts/fontawesome-webfont3e6e.woff]
[mhbthemes.com/demos/rx/rx/assets/fonts/fontawesome-webfont3e6e.ttf]
[mhbthemes.com/demos/rx/rx/assets/fonts/fontawesome-webfont3e6e.svg]
[mhbthemes.com/demos/rx/rx/assets/css/font-awesome.min.css]
[mhbthemes.com/demos/rx/rx/assets/css/magnific-popup.css]
[mhbthemes.com/demos/rx/rx/assets/css/owl.carousel.css]
[mhbthemes.com/demos/rx/rx/style.css]
[mhbthemes.com/demos/rx/rx/assets/css/responsive.css]
[mhbthemes.com/demos/rx/rx/assets/img/blog-bg.jpg]
[mhbthemes.com/demos/rx/rx/blog.html]
[mhbthemes.com/demos/rx/rx/assets/img/work/6.jpg]
[mhbthemes.com/demos/rx/rx/single-blog.html]
[mhbthemes.com/demos/rx/rx/assets/img/blog/blog3.jpg]
[mhbthemes.com/demos/rx/rx/assets/js/typed.js]
[mhbthemes.com/demos/rx/rx/assets/js/jquery.waypoints.min.js]
[mhbthemes.com/demos/rx/rx/assets/fonts/glyphicons-halflings-regular.svg]
[mhbthemes.com/demos/rx/rx/assets/js/validator.min.js]
[mhbthemes.com/demos/rx/rx/assets/fonts/fontawesome-webfont3e6e.svg]
[mhbthemes.com/demos/rx/rx/assets/css/owl.video.play.html]
[mhbthemes.com/demos/rx/rx/assets/js/jquery.mixitup.js]
[mhbthemes.com/demos/rx/rx/assets/img/comment-author.jpg]
[mhbthemes.com/demos/rx/rx/single-blog.html]
